
Discarded input sections

 .MIPS.abiflags
                0x0000000000000000       0x18 build/rom_header.o
 .pdr           0x0000000000000000        0x0 build/rom_header.o
 .gnu.attributes
                0x0000000000000000       0x10 build/rom_header.o
 .reginfo       0x0000000000000000       0x18 build/bootcode.o
 .MIPS.abiflags
                0x0000000000000000       0x18 build/bootcode.o
 .pdr           0x0000000000000000        0x0 build/bootcode.o
 .gnu.attributes
                0x0000000000000000       0x10 build/bootcode.o
 .reginfo       0x0000000000000000       0x18 build/_start.o
 .MIPS.abiflags
                0x0000000000000000       0x18 build/_start.o
 .pdr           0x0000000000000000        0x0 build/_start.o
 .gnu.attributes
                0x0000000000000000       0x10 build/_start.o
 .options       0x0000000000000000       0x20 build/boot.o
 .reginfo       0x0000000000000000       0x18 build/boot.o
 .options       0x0000000000000000       0x20 build/init.o
 .reginfo       0x0000000000000000       0x18 build/init.o
 .options       0x0000000000000000       0x20 build/sched.o
 .reginfo       0x0000000000000000       0x18 build/sched.o
 .options       0x0000000000000000       0x20 build/osMapTLB.o
 .reginfo       0x0000000000000000       0x18 build/osMapTLB.o
 .options       0x0000000000000000       0x20 build/tlb_manage.o
 .reginfo       0x0000000000000000       0x18 build/tlb_manage.o
 .options       0x0000000000000000       0x20 build/tlb_random.o
 .reginfo       0x0000000000000000       0x18 build/tlb_random.o
 .options       0x0000000000000000       0x20 build/tlb_resolve.o
 .reginfo       0x0000000000000000       0x18 build/tlb_resolve.o
 .options       0x0000000000000000       0x20 build/tlb_hardware.o
 .reginfo       0x0000000000000000       0x18 build/tlb_hardware.o
 .options       0x0000000000000000       0x20 build/audi.o
 .reginfo       0x0000000000000000       0x18 build/audi.o
 .options       0x0000000000000000       0x20 build/speed_graph.o
 .reginfo       0x0000000000000000       0x18 build/speed_graph.o
 .options       0x0000000000000000       0x20 build/video.o
 .reginfo       0x0000000000000000       0x18 build/video.o
 .options       0x0000000000000000       0x20 build/deb.o
 .reginfo       0x0000000000000000       0x18 build/deb.o
 .options       0x0000000000000000       0x20 build/debug_stuff_split.o
 .reginfo       0x0000000000000000       0x18 build/debug_stuff_split.o
 .gptab.data    0x0000000000000000       0x40 build/debug_stuff_split.o
 .mdebug        0x0000000000000000      0x840 build/debug_stuff_split.o
 .options       0x0000000000000000       0x20 build/debug_getlastRA.o
 .reginfo       0x0000000000000000       0x18 build/debug_getlastRA.o
 .options       0x0000000000000000       0x20 build/ramrom.o
 .reginfo       0x0000000000000000       0x18 build/ramrom.o
 .gptab.bss     0x0000000000000000       0x20 build/ramrom.o
 .mdebug        0x0000000000000000      0x968 build/ramrom.o
 .options       0x0000000000000000       0x20 build/boss.o
 .reginfo       0x0000000000000000       0x18 build/boss.o
 .options       0x0000000000000000       0x20 build/music.o
 .reginfo       0x0000000000000000       0x18 build/music.o
 .options       0x0000000000000000       0x20 build/sfx.o
 .reginfo       0x0000000000000000       0x18 build/sfx.o
 .options       0x0000000000000000       0x20 build/memp.o
 .reginfo       0x0000000000000000       0x18 build/memp.o
 .options       0x0000000000000000       0x20 build/mema.o
 .reginfo       0x0000000000000000       0x18 build/mema.o
 .options       0x0000000000000000       0x20 build/random.o
 .reginfo       0x0000000000000000       0x18 build/random.o
 .options       0x0000000000000000       0x20 build/token.o
 .reginfo       0x0000000000000000       0x18 build/token.o
 .options       0x0000000000000000       0x20 build/stringhandler.o
 .reginfo       0x0000000000000000       0x18 build/stringhandler.o
 .options       0x0000000000000000       0x20 build/sprintf.o
 .reginfo       0x0000000000000000       0x18 build/sprintf.o
 .options       0x0000000000000000       0x20 build/pi.o
 .reginfo       0x0000000000000000       0x18 build/pi.o
 .gptab.bss     0x0000000000000000       0x20 build/pi.o
 .mdebug        0x0000000000000000      0x3b0 build/pi.o
 .options       0x0000000000000000       0x20 build/vi.o
 .reginfo       0x0000000000000000       0x18 build/vi.o
 .options       0x0000000000000000       0x20 build/debugmenu.o
 .reginfo       0x0000000000000000       0x18 build/debugmenu.o
 .options       0x0000000000000000       0x20 build/joy.o
 .reginfo       0x0000000000000000       0x18 build/joy.o
 .options       0x0000000000000000       0x20 build/joy_rumble.o
 .reginfo       0x0000000000000000       0x18 build/joy_rumble.o
 .options       0x0000000000000000       0x20 build/rmon.o
 .reginfo       0x0000000000000000       0x18 build/rmon.o
 .reginfo       0x0000000000000000       0x18 build/libultra/libultra.o
 .MIPS.abiflags
[...]
Memory Configuration

Name             Origin             Length             Attributes
*default*        0x0000000000000000 0xffffffffffffffff

Linker script and memory map

                0x0000000000000002                OS_VI_NTSC_LAN1 = 0x2
                0x0000000000000010                OS_VI_PAL_LAN1 = 0x10
                0x0000000000000000                _bootSegmentRomStart = 0x0
                0x0000000000001000                _bootSegmentRomEnd = 0x1000
                0x0000000000001000                _startSegmentRomStart = 0x1000
                0x0000000000001050                _startSegmentRomEnd = 0x1050
                0x0000000000001050                _codeSegmentRomStart = 0x1050
                0x0000000000021990                _codeSegmentRomEnd = 0x21990
                0x0000000000021990                _cdataSegmentRomStart = 0x21990
                0x0000000000033590                _cdataSegmentRomEnd = 0x33590
                0x0000000000033590                _rarezipSegmentRomStart = 0x33590
                0x0000000000034b30                _rarezipSegmentRomEnd = 0x34b30
                0x0000000000117880                _unknown117880SegmentRomStart = 0x117880
                0x0000000000117940                _unknown117880SegmentRomEnd = 0x117940
                0x0000000000117940                _unknown117940SegmentRomStart = 0x117940
                0x0000000000123040                _unknown117940SegmentRomEnd = 0x123040
                0x0000000000123040                _unknown123040SegmentRomStart = 0x123040
                0x0000000000124ac0                _unknown123040SegmentRomEnd = 0x124ac0
                0x0000000000124ac0                _animation_tableSegmentRomStart = 0x124ac0
                0x000000000028e980                _animation_tableSegmentRomEnd = 0x28e980
                0x000000000028e980                _animation_dataSegmentRomStart = 0x28e980
                0x000000000029d160                _animation_dataSegmentRomEnd = 0x29d160
                0x000000000029d160                _GlobalimagetableSegmentRomStart = 0x29d160
                0x000000000029e560                _GlobalimagetableSegmentRomEnd = 0x29e560
                0x000000000029e560                _GlobalimagetablecmdblkSegmentRomStart = 0x29e560
                0x00000000002a4d50                _GlobalimagetablecmdblkSegmentRomEnd = 0x2a4d50
                0x00000000002bf2d0                _ramromDam1SegmentRomStart = 0x2bf2d0
                0x00000000002e63f0                _fonttablectlsmall1SegmentRomStart = 0x2e63f0
                0x00000000002e88a0                _fonttablectllarge1SegmentRomStart = 0x2e88a0
                0x00000000002ebde0                _sfxctlSegmentRomStart = 0x2ebde0
                0x00000000002f19a0                _sfxctlSegmentRomEnd = 0x2f19a0
                0x00000000002f19a0                _sfxtblSegmentRomStart = 0x2f19a0
                0x00000000003b4450                _sfxtblSegmentRomEnd = 0x3b4450
                0x00000000003b4450                _instrumentsctlSegmentRomStart = 0x3b4450
                0x00000000003b87f0                _instrumentsctlSegmentRomEnd = 0x3b87f0
                0x00000000003b87f0                _instrumentstblSegmentRomStart = 0x3b87f0
                0x0000000000419790                _instrumentstblSegmentRomEnd = 0x419790
                0x0000000000419790                _musicsampletblSegmentRomStart = 0x419790
                0x0000000004000000                _bootSegmentStart = 0x4000000
                0x0000000004001000                _bootSegmentEnd = 0x4001000
                0x00000000a4040000                SP_MEM_ADDR_REG = 0xa4040000
                0x00000000a4040004                SP_DRAM_ADDR_REG = 0xa4040004
                0x00000000a4040008                SP_RD_LEN_REG = 0xa4040008
                0x00000000a404000c                SP_WR_LEN_REG = 0xa404000c
                0x00000000a4040010                SP_STATUS_REG = 0xa4040010
                0x00000000a4080000                SP_PC_REG = 0xa4080000
                0x00000000a4300000                MI_INIT_MODE_REG = 0xa4300000
                0x00000000a4300000                MI_MODE_REG = MI_INIT_MODE_REG
                0x00000000a4300004                MI_VERSION_REG = 0xa4300004
                0x00000000a4300008                MI_INTR_REG = 0xa4300008
                0x00000000a430000c                MI_INTR_MASK_REG = 0xa430000c
                0x00000000a4400000                VI_STATUS_REG = 0xa4400000
                0x00000000a4400000                VI_CONTROL_REG = 0xa4400000
                0x00000000a4400004                VI_ORIGIN_REG = 0xa4400004
                0x00000000a4400004                VI_DRAM_ADDR_REG = 0xa4400004
                0x00000000a4400008                VI_WIDTH_REG = 0xa4400008
                0x00000000a4400008                VI_H_WIDTH_REG = 0xa4400008
                0x00000000a440000c                VI_INTR_REG = 0xa440000c
                0x00000000a440000c                VI_V_INTER_REG = 0xa440000c
                0x00000000a4400010                VI_CURRENT_REG = 0xa4400010
                0x00000000a4400010                VI_V_CURRENT_LINE_REG = 0xa4400010
                0x00000000a4400014                VI_BURST_REG = 0xa4400014
                0x00000000a4400014                VI_TIMING_REG = 0xa4400014
                0x00000000a4400018                VI_V_SYNC_REG = 0xa4400018
                0x00000000a440001c                VI_H_SYNC_REG = 0xa440001c
                0x00000000a4400020                VI_LEAP_REG = 0xa4400020
                0x00000000a4400020                VI_H_SYNC_LEAP_REG = 0xa4400020
                0x00000000a4400024                VI_H_START_REG = 0xa4400024
                0x00000000a4400024                VI_H_VIDEO_REG = 0xa4400024
                0x00000000a4400028                VI_V_START_REG = 0xa4400028
                0x00000000a4400028                VI_V_VIDEO_REG = 0xa4400028
                0x00000000a440002c                VI_V_BURST_REG = 0xa440002c
                0x00000000a4400030                VI_X_SCALE_REG = 0xa4400030
                0x00000000a4400034                VI_Y_SCALE_REG = 0xa4400034
                0x00000000a4500004                AI_LEN_REG = 0xa4500004
                0x00000000a4500008                AI_CONTROL_REG = 0xa4500008
                0x00000000a450000c                AI_STATUS_REG = 0xa450000c
                0x00000000a4500010                AI_DACRATE_REG = 0xa4500010
                0x00000000a4500014                AI_BITRATE_REG = 0xa4500014
                0x00000000a4600000                PI_DRAM_ADDR_REG = 0xa4600000
                0x00000000a4600004                PI_CART_ADDR_REG = 0xa4600004
                0x00000000a4600008                PI_RD_LEN_REG = 0xa4600008
                0x00000000a460000c                PI_WR_LEN_REG = 0xa460000c
                0x00000000a4600010                PI_STATUS_REG = 0xa4600010
                0x00000000a4600014                PI_BSD_DOM1_LAT_REG = 0xa4600014
                0x00000000a4600014                PI_DOMAIN1_REG = 0xa4600014
                0x00000000a4600018                PI_BSD_DOM1_PWD_REG = 0xa4600018
                0x00000000a460001c                PI_BSD_DOM1_PGS_REG = 0xa460001c
                0x00000000a4600020                PI_BSD_DOM1_RLS_REG = 0xa4600020
                0x00000000a4600024                PI_BSD_DOM2_LAT_REG = 0xa4600024
                0x00000000a4600024                PI_DOMAIN2_REG = 0xa4600024
                0x00000000a4600028                PI_BSD_DOM2_PWD_REG = 0xa4600028
                0x00000000a460002c                PI_BSD_DOM2_PGS_REG = 0xa460002c
                0x00000000a4600030                PI_BSD_DOM2_RLS_REG = 0xa4600030
                0x00000000a4800000                SI_DRAM_ADDR_REG = 0xa4800000
                0x00000000a4800004                SI_PIF_ADDR_RD64B_REG = 0xa4800004
                0x00000000a4800010                SI_PIF_ADDR_WR64B_REG = 0xa4800010
                0x00000000a4800018                SI_STATUS_REG = 0xa4800018
                0x0000000070000450                _codeSegmentVaddrStart = 0x70000450
                0x0000000070001bb0                set_hardwire_TLB_to_2 = 0x70001bb0
                0x0000000070020d90                _codeSegmentVaddrEnd = 0x70020d90
                0x0000000070200000                _rarezipSegmentStart = 0x70200000
                0x000000007020159c                _rarezipSegmentEnd = 0x7020159c
                0x000000007f090490                display_debug_menu_text_onscreen = 0x7f090490
                0x000000007f0905a0                debug_menu_processor = 0x7f0905a0
                0x000000007f090f34                get_memusage_display_flag = 0x7f090f34
                0x000000007f090fdc                get_linemode_flag = 0x7f090fdc
                0x000000007f09106c                get_debug_taskgrab_val = 0x7f09106c
                0x0000000080000300                osTvType = 0x80000300
                0x0000000080000308                osRomBase = 0x80000308
                0x000000008000030c                osResetType = 0x8000030c
                0x000000008000031c                osAppNMIBuffer = 0x8000031c
                0x0000000080000400                _codeSegmentStart = 0x80000400
                0x0000000080020d90                _codeSegmentEnd = 0x80020d90
                0x0000000080020d90                _cdataSegmentVaddrStart = 0x80020d90
                0x0000000080032c20                D_80032C20 = 0x80032c20
                0x0000000080035d40                D_80035D40 = 0x80035d40
                0x0000000080035d80                D_80035D80 = 0x80035d80
                0x0000000080035d8c                D_80035D8C = 0x80035d8c
                0x0000000080035d98                D_80035D98 = 0x80035d98
                0x0000000080035da4                D_80035DA4 = 0x80035da4
                0x0000000080035db0                D_80035DB0 = 0x80035db0
                0x0000000080035dbc                D_80035DBC = 0x80035dbc
                0x0000000080035dc8                D_80035DC8 = 0x80035dc8
                0x0000000080035dd4                D_80035DD4 = 0x80035dd4
                0x0000000080035de0                D_80035DE0 = 0x80035de0
                0x0000000080035dec                D_80035DEC = 0x80035dec
                0x0000000080035df8                D_80035DF8 = 0x80035df8
                0x00000000800368d4                D_800368D4 = 0x800368d4
                0x00000000800368d8                D_800368D8 = 0x800368d8
                0x000000008003e14c                D_8003E14C = 0x8003e14c
                0x000000008003f81c                D_8003F81C = 0x8003f81c
                0x000000008003fcc0                D_8003FCC0 = 0x8003fcc0
                0x000000008003fd28                D_8003FD28 = 0x8003fd28
                0x000000008003fda0                D_8003FDA0 = 0x8003fda0
                0x0000000080040284                D_80040284 = 0x80040284
                0x00000000800407fc                D_800407FC = 0x800407fc
                0x0000000080040800                D_80040800 = 0x80040800
                0x0000000080040804                D_80040804 = 0x80040804
                0x0000000080040808                D_80040808 = 0x80040808
                0x0000000080040900                D_80040900 = 0x80040900
                0x0000000080040980                D_80040980 = 0x80040980
                0x0000000080040994                D_80040994 = 0x80040994
                0x0000000080040998                D_80040998 = 0x80040998
                0x000000008004099c                D_8004099C = 0x8004099c
                0x0000000080040c44                D_80040C44 = 0x80040c44
                0x0000000080041415                D_80041415 = 0x80041415
                0x0000000080041417                D_80041417 = 0x80041417
                0x0000000080041464                D_80041464 = 0x80041464
                0x0000000080041467                D_80041467 = 0x80041467
                0x00000000800414b4                D_800414B4 = 0x800414b4
                0x0000000080058378                D_80058378 = 0x80058378
                0x000000008005c820                gspFast3DDataStart = 0x8005c820
                0x000000008005d2e0                _cdataSegmentVaddrEnd = 0x8005d2e0
                0x00000000800669d2                byte_CODE_bss_800669D2 = 0x800669d2
                0x00000000800669d4                dword_CODE_bss_800669D4 = 0x800669d4
                0x00000000800669ea                byte_CODE_bss_800669EA = 0x800669ea
                0x00000000800669ec                dword_CODE_bss_800669EC = 0x800669ec
                0x0000000080079f4c                D_80079F4C = 0x80079f4c
                0x0000000080079f54                D_80079F54 = 0x80079f54
                0x0000000080079fbc                D_80079FBC = 0x80079fbc
                0x0000000080079fc4                D_80079FC4 = 0x80079fc4
                0x000000008007a02c                D_8007A02C = 0x8007a02c
                0x000000008007a034                D_8007A034 = 0x8007a034
                0x000000008007a0a4                D_8007A0A4 = 0x8007a0a4
                0x000000008007a0de                D_8007A0DE = 0x8007a0de
                0x00000000800825b8                dword_CODE_bss_800825B8 = 0x800825b8
                0x000000008008e360                room_model_buffer = 0x8008e360
                0x0000000080300000                _decompressBuffer = 0x80300000
                0x00000000803ab400                sp_boot = 0x803ab400
                0x00000000803ab410                sp_rmon = 0x803ab410
                0x00000000803ab710                sp_idle = 0x803ab710
                0x00000000803ab750                sp_shed = 0x803ab750
                0x00000000803ab950                sp_main = 0x803ab950
                0x00000000803b3950                sp_audi = 0x803b3950
                0x00000000803b4950                sp_debug = 0x803b4950
                0x00000000803b5000                cfb_16_a = 0x803b5000
                0x00000000803da800                cfb_16_b = 0x803da800
                0x00000000a4100000                DPC_REG_BASE = 0xa4100000
                0x00000000a4100000                DPC_START_REG = 0xa4100000
                0x00000000a4100004                DPC_END_REG = 0xa4100004
                0x00000000a4100008                DPC_CURRENT_REG = 0xa4100008
                0x00000000a410000c                DPC_STATUS_REG = 0xa410000c
                0x00000000a4100010                DPC_CLOCK_REG = 0xa4100010
                0x00000000a4100014                DPC_BUFBUSY_REG = 0xa4100014
                0x00000000a4100018                DPC_PIPEBUSY_REG = 0xa4100018
                0x00000000a410001c                DPC_TMEM_REG = 0xa410001c
                0x00000000a5000508                ASIC_STATUS = 0xa5000508
                0x00000000a5000510                ASIC_BM_STATUS = 0xa5000510
                0x0000000000000000                __romPos = 0x0
                0x0000000000000000                rom_start = .

.header         0x0000000004000000       0x40 load address 0x0000000000000000
 build/rom_header.o(.data)
 .data          0x0000000004000000       0x40 build/rom_header.o
                [0x0000000000be648a]                __romPos = (__romPos + SIZEOF (.header))

.data           0x0000000004000040        0x0 load address 0x0000000000000040
 .data          0x0000000004000040        0x0 build/bootcode.o
 .data          0x0000000004000040        0x0 build/_start.o
 .data          0x0000000004000040        0x0 build/rspboot.o

.boot           0x0000000004000040      0xfc0 load address 0x0000000000000040
 build/bootcode.o(.text)
 .text          0x0000000004000040      0xfc0 build/bootcode.o
                0x0000000004000688                func_00000648
                0x0000000004000690                func_00000650
                0x0000000004000778                func_04000778
                0x0000000004000880                func_04000880
                0x000000000400090c                func_0400090C
                0x0000000004000980                func_04000980
                0x0000000004000a40                func_04000A40
                0x0000000004000ad0                func_04000AD0
                [0x0000000000be648a]                __romPos = (__romPos + SIZEOF (.boot))
                0x0000000000000400                __ramPos = 0x400

.text_start     0x0000000080000400       0x50 load address 0x0000000000001000
 build/_start.o(.text)
 .text          0x0000000080000400       0x50 build/_start.o
                0x0000000080000400                _start
                [0x0000000000be648a]                __romPos = (__romPos + 0x50)
                [0x000000008008e360]                __ramPos = (__ramPos + 0x50)

.text_code      0x0000000070000450    0x20940 load address 0x0000000000001050
 build/boot.o(.text)
 .text          0x0000000070000450       0xc0 build/boot.o
                0x0000000070000450                boot
                0x00000000700004bc                get_cdataSegmentVaddrStart
                0x00000000700004c8                get_cdataSegmentRomStart
                0x00000000700004d4                get_cdataSegmentRomEnd
                0x00000000700004e0                get_rarezipSegmentRomStart
                0x00000000700004ec                get_rarezipSegmentRomEnd
                0x00000000700004f8                jump_decompressfile
 build/init.o(.text)
 .text          0x0000000070000510      0x460 build/init.o
                0x0000000070000510                init
                0x00000000700006f0                set_stack_entry
                0x00000000700006fc                set_hw_address_and_unknown
                0x0000000070000718                thread1_idle
                0x0000000070000738                start_idle_thread
                0x0000000070000790                start_rmon_thread
                0x00000000700007ec                init_scheduler
                0x000000007000089c                thread3_main
                0x0000000070000908                setuplastentryofdebughandler
 build/sched.o(.text)
 .text          0x0000000070000970      0xe10 build/sched.o
                0x0000000070000970                activate_stderr
                0x000000007000097c                enable_stderr
                0x0000000070000988                permit_stderr
                0x0000000070000994                setUserCompareValue
                0x00000000700009a0                CheckDisplayErrorBuffer
                0x00000000700009f8                CheckDisplayErrorBufferEvery16Frames
                0x0000000070000a88                osCreateLog
                0x0000000070000aac                osCreateScheduler
                0x0000000070000c14                osScAddClient
                0x0000000070000c70                osScRemoveClient
                0x0000000070000cf8                osScGetCmdQ
                0x0000000070000d00                __scMain
                0x0000000070000eb4                __scHandleRetrace
                0x0000000070001014                __scHandleRSP
                0x000000007000111c                get_counters
                0x0000000070001128                __scHandleRDP
                0x00000000700011e0                __scTaskReady
                0x0000000070001230                __scTaskComplete
                0x00000000700013d8                __scAppendList
                0x0000000070001440                __scExec
                0x0000000070001560                __scYield
                0x000000007000159c                __scSchedule
 build/osMapTLB.o(.text)
 .text          0x0000000070001780       0x60 build/osMapTLB.o
                0x0000000070001780                osMapTLBRdb
 build/tlb_manage.o(.text)
 .text          0x00000000700017e0      0x330 build/tlb_manage.o
                0x00000000700017e0                establish_TLB_buffer_management_table
                0x0000000070001898                mp_tlb_related
                0x00000000700018c0                return_TLB_index_for_entry
                0x0000000070001920                find_remove_TLB_entry
                0x0000000070001954                remove_TLB_entry_from_table
                0x00000000700019d8                translate_load_rom_from_TLBaddress
                0x0000000070001af8                return_ptr_TLBmemory
 build/tlb_random.o(.text)
 .text          0x0000000070001b10       0x50 build/tlb_random.o
                0x0000000070001b10                return_tlb_random_value
 build/tlb_resolve.o(.text)
 .text          0x0000000070001b60       0x50 build/tlb_resolve.o
                0x0000000070001b60                resolve_TLBaddress_for_InvalidHit
 build/tlb_hardware.o(.text)
 .text          0x0000000070001bb0       0x20 build/tlb_hardware.o
 build/audi.o(.text)
 .text          0x0000000070001bd0      0xb60 build/audi.o
                0x0000000070001bd0                amCreateAudioMgr
                0x0000000070001f58                startaudiThread
                0x0000000070001f7c                _amMain
                0x0000000070002244                _amHandleFrameMsg
                0x00000000700023e4                __amHandleDoneMsg
                0x0000000070002424                __amDMA
                0x00000000700025d8                __amDmaNew
                0x0000000070002610                __clearAudioDMA
 build/speed_graph.o(.text)
 .text          0x0000000070002730      0x930 build/speed_graph.o
                0x0000000070002730                displaylist_related
                0x00000000700027a4                video_related_1
                0x0000000070002810                video_related_2
                0x0000000070002854                video_related_3
                0x0000000070002958                display_speed_graph
                0x0000000070002cd8                video_DL_related_4
 build/video.o(.text)
 .text          0x0000000070003060     0x1cc0 build/video.o
                0x0000000070003060                init_video_settings
                0x0000000070003124                init_both_video_buffers
                0x0000000070003190                video_related_6
                0x00000000700031a0                video_related_7
                0x0000000070003298                video_related_8
                0x0000000070003b04                video_related_9
                0x0000000070003b64                receive_vi_c_msgs
                0x0000000070003bb0                setVideoWidthHeightToMode
                0x0000000070003c00                coloroutputmode_1
                0x0000000070003c10                coloroutputmode_0
                0x0000000070003c1c                get_video2buf_offset28
                0x0000000070003c2c                get_video1buf_offset28
                0x0000000070003c3c                set_video2buf_offset28
                0x0000000070003c4c                get_80060824
                0x0000000070003c58                video_related_F
                0x0000000070003eb4                video_related_10
                0x0000000070003ef8                insert_generic_fillrect
                0x0000000070003f64                setupscreensfornumplayers
                0x0000000070004384                set_D_800232A0
                0x0000000070004390                get_D_800232A0
                0x000000007000439c                set_D_8002329C
                0x00000000700043a8                get_D_8002329C
                0x00000000700043b4                set_video2_settings_offset_18_1A
                0x00000000700043d8                get_video2_settings_offset_18
                0x00000000700043e8                get_video2_settings_offset_1A
                0x00000000700043f8                set_video2_text_clip_size
                0x000000007000441c                get_video2_settings_txtClipW
                0x000000007000442c                get_video2_settings_txtClipH
                0x000000007000443c                set_video2_width_height
                0x000000007000449c                get_video2_settings_width
                0x00000000700044ac                get_video2_settings_height
                0x00000000700044bc                set_video2_ulx_uly
                0x0000000070004514                get_video2_settings_ulx
                0x0000000070004524                get_video2_settings_uly
                0x0000000070004534                set_video2_settings_offset_24
                0x0000000070004544                video_related_1F
                0x0000000070004590                video_related_21
                0x00000000700045dc                video_related_23
                0x00000000700045ec                video_related_24
                0x0000000070004650                set_page_height
                0x00000000700046ac                video_related_27
                0x00000000700046d0                set_setfillcolor
                0x0000000070004758                indy_grab_jpg_16bit
                0x00000000700048d4                indy_grab_jpg_32bit
                0x0000000070004a60                indy_grab_rgb_16bit
                0x0000000070004bb4                indy_grab_rgb_32bit
 build/deb.o(.text)
 .text          0x0000000070004d20      0xdf0 build/deb.o
                0x0000000070004d20                return_match_in_debug_notice_list
                0x0000000070004d80                get_entry_of_size_in_debug_notice_list
                0x0000000070004de0                add_new_entry_to_debug_notice_list
                0x0000000070004e2c                add_debug_notice_deb_c_debug
                0x0000000070004e60                get_ptr_debug_notice_list_entry
                0x0000000070004e98                scan_debug_notice_list_till_NULL
                0x0000000070004ebc                debug_stubbed
                0x0000000070004ec4                debug_removed
                0x0000000070004ee0                init_tlb
                0x0000000070004f54                thread5_tlb
                0x00000000700050ac                debug_related_8
                0x00000000700051e0                was_opcode_In_70000450_70020D90
                0x0000000070005258                return_strlen
                0x0000000070005294                indy_file_get_address_subsequent_data
                0x0000000070005340                scan_load_resourceID_from_indy_read_buf
                0x00000000700053c8                is_valid_indy_read_buf_resourceID
                0x00000000700053fc                debug_indy_stub
                0x0000000070005404                debug_indy_stub_0
                0x000000007000540c                debug_indy_stub_1
                0x0000000070005414                return_indy_read_buf_resourceID
                0x0000000070005420                debug_sp_related_11
                0x00000000700054e4                debug_sp_related_12
                0x0000000070005560                _is_normal_single_precision_float
                0x00000000700055a4                is_normal_single_precision_float
                0x00000000700055c8                set_normality_of_single_precision_floats
                0x0000000070005628                debug_indy_stub_2
                0x0000000070005630                write_char_to_pos_stderr
                0x00000000700056bc                __osRdbSend
                0x00000000700057cc                scroll_stderr_oneline
                0x000000007000585c                print_to_vidbuff1
                0x0000000070005984                set_ptr_video_buffers
                0x00000000700059a4                set_video_buffer_pointers
                0x00000000700059d0                write_stderr_to_buffer
 build/debug_stuff_split.o(.text)
 build/debug_getlastRA.o(.text)
 .text          0x0000000070005b10       0x50 build/debug_getlastRA.o
                0x0000000070005b10                return_last_RA_saved_to_stack
                0x0000000070005b18                .L70005B18
 build/ramrom.o(.text)
 .text          0x0000000070005b60      0x1d0 build/ramrom.o
                0x0000000070005b60                romCreateMesgQueue
                0x0000000070005b90                doRomCopy
                0x0000000070005bf0                romReceiveMesg
                0x0000000070005c1c                romCopy
                0x0000000070005c44                romCopyAligned
                0x0000000070005ca8                doRomWrite
                0x0000000070005d08                romWrite
 build/boss.o(.text)
 .text          0x0000000070005d30      0xcc0 build/boss.o
                0x0000000070005d30                init_mainthread_data
                0x0000000070005ff4                enable_show_mem_use_flag
                0x0000000070006004                mem_bars_flag_toggle
                0x000000007000601c                setup_gamevalues_and_launchmainloop
                0x0000000070006060                mainloop
                0x0000000070006930                run_title_stage
                0x0000000070006950                set_loaded_stage
                0x000000007000695c                get_stage_num
                0x0000000070006968                return_to_title_from_level_end
                0x00000000700069b4                get_debug_parse_flag
                0x00000000700069c0                something_with_boss_c_debug
 build/music.o(.text)
 .text          0x00000000700069f0     0x1130 build/music.o
                0x00000000700069f0                audio_related
                0x0000000070006a30                setupaudio
                0x0000000070006e7c                musicTrack1Play
                0x0000000070006fd0                musicTrack1Stop
                0x0000000070007030                musicTrack1Length
                0x000000007000703c                musicTrack1Vol
                0x00000000700070a0                musicTrack1Tempo
                0x00000000700070f8                music_related_1
                0x0000000070007168                music_related_3
                0x0000000070007204                musicTrack2Play
                0x0000000070007358                musicTrack2Stop
                0x00000000700073b8                musicTrack2Length
                0x00000000700073c4                musicTrack2Vol
                0x0000000070007428                musicTrack2Tempo
                0x0000000070007480                music_related_6
                0x00000000700074f0                music_related_8
                0x000000007000758c                music_related_3rd_block
                0x00000000700076e0                musicTrack3Stop
                0x0000000070007740                get_music3len
                0x000000007000774c                musicTrack3Vol
                0x00000000700077b0                music_related_10
                0x0000000070007808                music_related_11
                0x0000000070007878                music_related_13
                0x0000000070007914                music_related_15
 build/sfx.o(.text)
 .text          0x0000000070007b20     0x1860 build/sfx.o
                0x0000000070007b20                music_related_16
                0x0000000070007ddc                music_related_17
                0x0000000070007e80                music_related_18
                0x0000000070007fbc                .L70007FBC
                0x0000000070008388                .L70008388
                0x000000007000847c                .L7000847C
                0x00000000700084f0                .L700084F0
                0x00000000700085c8                .L700085C8
                0x00000000700088d4                .L700088D4
                0x0000000070008948                music_related_19
                0x00000000700089c4                music_related_20
                0x0000000070008a30                music_related_21
                0x0000000070008af0                music_related_22
                0x0000000070008b70                music_related_23
                0x0000000070008d04                music_related_24
                0x0000000070008dd8                music_related_25
                0x0000000070008df0                sfxGetArg0Unk3F
                0x0000000070008e08                play_sfx_a1
                0x0000000070009020                sfxSetArg0Unk3EPostEvent
                0x000000007000906c                music_related_29
                0x0000000070009124                music_related_30
                0x0000000070009144                music_related_32
                0x0000000070009164                music_related_34
                0x0000000070009184                music_related_36
                0x00000000700091c8                music_related_37
                0x00000000700091e8                music_related_38
                0x0000000070009238                music_related_39
                0x0000000070009264                music_related_41
                0x0000000070009284                music_related_42
 build/memp.o(.text)
 .text          0x0000000070009380      0x690 build/memp.o
                0x0000000070009380                something_with_memp_c_debug
                0x00000000700093ac                check_memflag_tokens
                0x0000000070009514                memp_related_0
                0x0000000070009720                allocate_bytes_in_bank
                0x0000000070009804                memp_related_1
                0x00000000700098f0                nulled_list_all8_mem_alloc_banks_sizes
                0x0000000070009910                memp_related_3
                0x0000000070009970                memp_related_4
                0x000000007000999c                reset_mem_bank_a0
                0x00000000700099c4                memp_related_6
 build/mema.o(.text)
 .text          0x0000000070009a10      0xa40 build/mema.o
                0x0000000070009a10                swap_entries
                0x0000000070009a34                merge_alloc_entries
                0x0000000070009a50                sort_merge_entries_in_alloc_table
                0x0000000070009b18                memp_related_7
                0x0000000070009b60                mem_related
                0x0000000070009c74                mem_related_model_room_buffers
                0x0000000070009d6c                something_with_mema_c_debug
                0x0000000070009d98                reset_memtable_base_allocation
                0x0000000070009e10                mem_related_calls_sort_merge_entries
                0x0000000070009e34                mem_related_something_find_first
                0x0000000070009fa8                mem_related_something_find_first_0
                0x000000007000a020                mem_related_model_room_buffers_0
                0x000000007000a040                mem_related_allocated_table_related
                0x000000007000a064                mem_related_something_first_related
                0x000000007000a100                generate_list_alloc_mem
                0x000000007000a29c                generate_lists_before_after_mem_merge
                0x000000007000a2f8                mem_related_something_first_related_0
                0x000000007000a370                mem_related_0
                0x000000007000a3dc                mem_related_1
 build/random.o(.text)
 .text          0x000000007000a450       0xa0 build/random.o
                0x000000007000a450                random_related
                0x000000007000a498                increment_random_num
                0x000000007000a4ac                lotsa_shifting_randomizer_related
 build/token.o(.text)
 .text          0x000000007000a4f0      0x280 build/token.o
                0x000000007000a4f0                check_string_something
                0x000000007000a58c                strtok
                0x000000007000a5c0                check_boot_switches
                0x000000007000a6a0                check_token
 build/stringhandler.o(.text)
 .text          0x000000007000a770      0x500 build/stringhandler.o
                0x000000007000a770                textpointer_load_parse_something
                0x000000007000a7a0                something_with_strings
                0x000000007000a7fc                string_load_parse_something
                0x000000007000a84c                something_with_strings_0
                0x000000007000a898                string_related
                0x000000007000a8f8                strtol_related
                0x000000007000a930                strtol_related_0
                0x000000007000a950                strtol_related_1
                0x000000007000a98c                strtol_related_2
                0x000000007000a9e0                strtol
 build/sprintf.o(.text)
 .text          0x000000007000ac70       0x80 build/sprintf.o
                0x000000007000ac70                proutSprintf
                0x000000007000ac94                sprintf
 build/pi.o(.text)
 .text          0x000000007000acf0       0x40 build/pi.o
                0x000000007000acf0                start_pi_manager
 build/vi.o(.text)
 .text          0x000000007000ad30       0x50 build/vi.o
                0x000000007000ad30                start_nulled_entry
                0x000000007000ad38                something_with_vi_c_debug
 build/debugmenu.o(.text)
 .text          0x000000007000ad80      0x7e0 build/debugmenu.o
                0x000000007000ad80                dummied_function
                0x000000007000ad90                dummied_function_0
                0x000000007000ada0                null_function
                0x000000007000ada8                null_init_main_0
                0x000000007000adb0                debug_text_related_2
                0x000000007000add0                display_text_to_coord
                0x000000007000aedc                debug_menu_text_related
                0x000000007000af00                debug_text_related_1
                0x000000007000af84                stubbed_function
                0x000000007000af98                something_debug_info_related
                0x000000007000b040                set_final_debug_text_positions
                0x000000007000b06c                set_debug_text_color
                0x000000007000b098                set_color_speedgraph
                0x000000007000b0c4                write_char_to_screen
                0x000000007000b1c0                debug_text_related_0
                0x000000007000b1e8                write_string_stdout
                0x000000007000b230                debug_text_related
                0x000000007000b27c                read_screen_display_block_and_write_chars
 build/joy.o(.text)
 .text          0x000000007000b560     0x1420 build/joy.o
                0x000000007000b560                something_with_joy_c_debug
                0x000000007000b6ac                test_controller_presence
                0x000000007000b728                osPfsChecker
                0x000000007000b734                controller_7000B734
                0x000000007000b810                controller_check_for_rumble_maybe
                0x000000007000b9f8                controller_finding_controller_maybe
                0x000000007000ba70                get_num_controllers_plugged_in
                0x000000007000ba7c                controller_rumble_related
                0x000000007000bba8                set_disable_all_rumble_and_something
                0x000000007000bbbc                set_ptr_tlb_ramrom_record
                0x000000007000bbc8                probably_ramrom_related
                0x000000007000bd0c                redirect_to_ramrom_replay_and_record_handlers_if_set
                0x000000007000bd88                controller_7000BD88
                0x000000007000c0ec                get_cur_controller_horz_stick_pos
                0x000000007000c174                controller_7000C174
                0x000000007000c1fc                get_cur_controller_vert_stick_pos
                0x000000007000c284                controller_7000C284
                0x000000007000c30c                get_controller_buttons_held
                0x000000007000c3ac                get_controller_buttons_pressed
                0x000000007000c430                controller_7000C430
                0x000000007000c470                controller_7000C470
                0x000000007000c4b4                get_controller_3dstick_L_R
                0x000000007000c528                get_controller_3dstick_U_D
                0x000000007000c59c                controller_7000C59C
                0x000000007000c60c                controller_7000C60C
                0x000000007000c67c                controller_7000C67C
                0x000000007000c6bc                controller_7000C6BC
                0x000000007000c6fc                save_7000C6FC
                0x000000007000c734                save_7000C734
                0x000000007000c778                save_7000C778
                0x000000007000c7bc                save_7000C7BC
                0x000000007000c808                save_7000C808
                0x000000007000c854                controller_7000C854
                0x000000007000c8dc                reset_cont_rumble_detect
                0x000000007000c930                controller_7000C930
                0x000000007000c954                controller_7000C954
 build/joy_rumble.o(.text)
 .text          0x000000007000c980      0x520 build/joy_rumble.o
                0x000000007000c980                send_rumble_off_to_PIF
                0x000000007000caac                controller_7000CAAC
                0x000000007000cbdc                controller_7000CBDC
                0x000000007000cd38                controller_7000CD38
 build/rmon.o(.text)
 .text          0x000000007000cea0       0xf0 build/rmon.o
                0x000000007000cea0                thread0_rmon
                0x000000007000cea8                rmon_debug_is_final_build
                0x000000007000ceb0                rmon_debug_returns_neg_1
                0x000000007000ceb8                rmon_debug_stub
                0x000000007000cec0                rmon_debug_stub_0
                0x000000007000cec8                rmon_debug_stub_1
                0x000000007000ced0                rmon_debug_stub_2
                0x000000007000ced8                rmon_debug_stub_3
                0x000000007000cee0                rmon_debug_stub_4
                0x000000007000cee8                proutSyncPrintf
                0x000000007000cf44                osSyncPrintf
 build/libultra/libultra.o(.text)
 .text          0x000000007000cf90    0x13e00 build/libultra/libultra.o
                0x000000007000cf90                osPiRawStartDma
                0x000000007000d070                osPiGetStatus
                0x000000007000d080                osInitialize
                0x000000007000d320                osWritebackDCacheAll
                0x000000007000d350                osInvalICache
                0x000000007000d3d0                osUnmapTLB
                0x000000007000d410                __osGetFpcCsr
                0x000000007000d420                __osSetFpcCsr
                0x000000007000d430                osCreateThread
                0x000000007000d580                osStartThread
                0x000000007000d6d0                osCreateMesgQueue
                0x000000007000d740                osStopThread
                0x000000007000d800                osSetThreadPri
                0x000000007000d8e0                osGetCount
                0x000000007000d8f0                osCreateViManager
                0x000000007000da78                viMgrMain
                0x000000007000dc50                osSetEventMesg
                0x000000007000dcc0                osViSetEvent
                0x000000007000dd30                osSetIntMask
                0x000000007000ddd0                osRecvMesg
                0x000000007000df10                osSendMesg
                0x000000007000e060                osViSetMode
                0x000000007000e0d0                osViSetXScale
                0x000000007000e200                osViSetYScale
                0x000000007000e260                osViRepeatLine
                0x000000007000e2d0                osViBlack
                0x000000007000e340                osSpTaskYielded
                0x000000007000e3c0                osDpGetCounters
                0x000000007000e410                osViGetCurrentFramebuffer
                0x000000007000e450                osViGetNextFramebuffer
                0x000000007000e490                osViSwapBuffer
                0x000000007000e4e0                osDpSetStatus
                0x000000007000e4f0                _VirtualToPhysicalTask
                0x000000007000e60c                osSpTaskLoad
                0x000000007000e76c                osSpTaskStartGo
                0x000000007000e7b0                osDpSetNextBuffer
                0x000000007000e860                osSpTaskYield
                0x000000007000e880                __osGetTLBHi
                0x000000007000e8b0                osVirtualToPhysical
                0x000000007000e930                osAiSetFrequency
                0x000000007000ea90                alUnlink
                0x000000007000eac0                alLink
                0x000000007000eae4                alClose
                0x000000007000eb1c                alInit
                0x000000007000eb50                alHeapDBAlloc
                0x000000007000ebb0                osGetTime
                0x000000007000ec40                __ull_rshift
                0x000000007000ec6c                __ull_rem
                0x000000007000eca8                ull_div
                0x000000007000ece4                __ll_lshift
                0x000000007000ed10                __ll_rem
                0x000000007000ed4c                __ll_div
                0x000000007000eda8                __ll_mul
                0x000000007000edd8                __ull_divremi
                0x000000007000ee38                __ll_mod
                0x000000007000eed4                __ll_rshift
                0x000000007000ef00                osAiSetNextBuffer
                0x000000007000efb0                osAiGetLength
                0x000000007000efc8                _timeToSamples
                0x000000007000f020                _freePVoice
                0x000000007000f058                _collectPVoices
                0x000000007000f0b8                __freeParam
                0x000000007000f0d0                __allocParam
                0x000000007000f108                alAudioFrame
                0x000000007000f3a0                alSynNew
                0x000000007000f6a0                osPiStartDma
                0x000000007000f7b0                osViSetSpecialFeatures
                0x000000007000f970                _bcopy
                0x000000007000fc80                guPerspectiveF
                0x000000007000feb0                guPerspective
                0x000000007000ff10                guMtxF2L
                0x0000000070010010                guMtxIdentF
                0x0000000070010098                guMtxIdent
                0x00000000700100c8                guMtxL2F
                0x0000000070010180                ultra_70010180
                0x0000000070010190                __osExceptionPreamble
                0x00000000700101a0                __osException
                0x0000000070010390                next_interrupt
                0x00000000700103c8                IP6_Hdlr
                0x00000000700103d4                IP7_Hdlr
                0x00000000700103e0                counter
                0x0000000070010400                cart
                0x0000000070010454                rcp
                0x0000000070010594                prenmi
                0x00000000700105f0                sw2
                0x0000000070010610                swl
                0x0000000070010648                redispatch
                0x000000007001067c                enqueueRunning
                0x00000000700106c4                send_mesg
                0x0000000070010778                handle_CpU
                0x00000000700107ac                __osEnqueueAndYield
                0x00000000700108ac                __osEnqueueThread
                0x00000000700108f4                __osPopThread
                0x0000000070010904                __osDispatchThread
                0x0000000070010924                __osDispatchThreadSave
                0x0000000070010a80                __osCleanupThread
                0x0000000070010a90                __osDequeueThread
                0x0000000070010ad0                osYieldThread
                0x0000000070010b20                osInvalDCache
                0x0000000070010bd0                osWritebackDCache
                0x0000000070010c50                osSetTimer
                0x0000000070010d30                alHeapInit
                0x0000000070010d80                ultra_70010D80
                0x0000000070010e74                alBnkfNew
                0x0000000070010f78                alSeqFileNew
                0x0000000070010fc0                __CSPPostNextSeqEvent
                0x0000000070011030                ultra_70011030
                0x000000007001106c                ultra_7001106C
                0x000000007001123c                __CSPHandleMIDIMsg
                0x0000000070011a6c                ultra_70011A6C
                0x0000000070012080                alCSPNew
                0x00000000700121f0                alSeqpSetBank
                0x0000000070012230                alCSPGetState
                0x0000000070012240                alCSeqGetLoc
                0x00000000700122e0                alCSeqSetLoc
                0x0000000070012380                ultra_70012380
                0x0000000070012444                ultra_70012444
                0x00000000700124a4                alCSeqNextEvent
                0x000000007001279c                alCSeqNew
                0x00000000700128b0                alCSeqNewMarker
                0x0000000070012a1c                alCSeqGetTicks
                0x0000000070012a24                alCSeqSecToTicks
                0x0000000070012b20                alCSeqTicksToSec
                0x0000000070012b8c                __alCSeqNextDelta
                0x0000000070012d00                alCSPSetSeq
                0x0000000070012d40                alCSPPlay
                0x0000000070012d70                alCSPStop
                0x0000000070012da0                alCSPSetVol
                0x0000000070012de0                alEvtqFlushType
                0x0000000070012e8c                alEvtqFlush
                0x0000000070012efc                alEvtqPostEvent
                0x0000000070013020                alEvtqNextEvent
                0x00000000700130ac                alEvtqNew
                0x0000000070013120                alSynAddPlayer
                0x0000000070013170                _allocatePVoice
                0x0000000070013258                alSynAllocVoice
                0x00000000700133a0                alSynSetVol
                0x0000000070013440                alSynStartVoice
                0x00000000700134d0                alSynSetPan
                0x0000000070013560                alSynSetPitch
                0x00000000700135f0                alSynSetFXMix
                0x0000000070013690                alSynStopVoice
                0x0000000070013710                alSynFreeVoice
                0x00000000700137c0                alCents2Ratio
                0x0000000070013810                osPiReadIo
                0x0000000070013850                memcpy
                0x000000007001387c                strlen
                0x00000000700138a4                strchr
                0x00000000700138f0                _Putfld
                0x0000000070013f60                _Printf
                0x00000000700145b0                osCreatePiManager
                0x0000000070014740                osPfsInit
                0x00000000700147f4                __osPfsGetStatus
                0x0000000070014900                osContInit
                0x0000000070014af8                __osContGetInitData
                0x0000000070014bc8                __osPackRequestData
                0x0000000070014cc0                osContStartQuery
                0x0000000070014d44                osContGetQuery
                0x0000000070014d70                osContStartReadData
                0x0000000070014e34                osContGetReadData
                0x0000000070014edc                osContReadData_sub
                0x0000000070014fd0                osEepromProbe
                0x0000000070015040                osEepromRead
                0x0000000070015230                osEepromRead_sub
                0x0000000070015340                osEepromWrite
                0x00000000700154f0                osEepromWrite_sub
                0x00000000700155fc                __osEepStatus
                0x0000000070015820                osEepromLongRead
                0x0000000070015960                osEepromLongWrite
                0x0000000070015aa0                osPfsIsPlug
                0x0000000070015c40                __osPfsRequestData
                0x0000000070015d3c                __osPfsGetInitData
                0x0000000070015e10                __osSiCreateAccessQueue
                0x0000000070015e60                __osSiGetAccess
                0x0000000070015ea4                __osSiRelAccess
                0x0000000070015ed0                __osSiRawStartDma
                0x0000000070015f80                __osContAddressCrc
                0x0000000070016030                __osContDataCrc
                0x0000000070016100                __osContRamWrite
                0x0000000070016330                __osContRamWrite_sub
                0x00000000700164b0                __osContRamRead
                0x00000000700166f4                __osContRamRead_sub
                0x0000000070016860                guAlignF
                0x0000000070016a20                guAlign
                0x0000000070016a70                guOrthoF
                0x0000000070016bc4                guOrtho
                0x0000000070016c30                coss
                0x0000000070016c60                sins
                0x0000000070016cd0                guTranslateF
                0x0000000070016d18                guTranslate
                0x0000000070016d70                _bcmp
                0x0000000070016e90                guScaleF
                0x0000000070016ee4                guScale
                0x0000000070016f30                guLookAtReflectF
                0x0000000070017370                guLookAtReflect
                0x00000000700173f0                guLookAtF
                0x00000000700176a8                guLookAt
                0x0000000070017720                guRotateF
                0x00000000700178b4                guRotate
                0x0000000070017910                __d_to_ll
                0x000000007001792c                __f_to_ll
                0x0000000070017948                __d_to_ull
                0x00000000700179e8                __f_to_ull
                0x0000000070017a84                __ll_to_d
                0x0000000070017a9c                __ll_to_f
                0x0000000070017ab4                __ull_to_d
                0x0000000070017ae8                __ull_to_f
                0x0000000070017b20                __osSetSR
                0x0000000070017b30                __osGetSR
                0x0000000070017b40                __osSiRawReadIo
                0x0000000070017b90                __osSiRawWriteIo
                0x0000000070017be0                osPiRawReadIo
                0x0000000070017c40                _blkclr
                0x0000000070017ce0                __osSetHWIntrRoutine
                0x0000000070017d30                __osLeoInterrupt
                0x0000000070018414                __osLeoInterrupt_sub1
                0x00000000700184fc                __osLeoInterrupt_sub2
                0x00000000700185f0                __osDisableInt
                0x0000000070018610                __osRestoreInt
                0x0000000070018630                __osTimerServicesInit
                0x00000000700186bc                __osTimerInterrupt
                0x0000000070018834                __osSetTimerIntr
                0x00000000700188a8                __osInsertTimer
                0x0000000070018a30                osGetThreadPri
                0x0000000070018a50                __osViInit
                0x0000000070018b60                __osViGetCurrentContext
                0x0000000070018b70                __osViSwapContext
                0x0000000070018ed0                __osSpGetStatus
                0x0000000070018ee0                __osSpSetStatus
                0x0000000070018ef0                __osSpSetPc
                0x0000000070018f30                __osSpRawStartDma
                0x0000000070018fc0                __osSpDeviceBusy
                0x0000000070018ff0                __osDpDeviceBusy
                0x0000000070019020                __osProbeTLB
                0x00000000700190e0                alSynDelete
                0x00000000700190f0                __osAiDeviceBusy
                0x0000000070019120                alSaveNew
                0x0000000070019164                alMainBusNew
                0x00000000700191b8                alAuxBusNew
                0x000000007001920c                alResampleNew
                0x0000000070019294                alLoadNew
                0x000000007001933c                alEnvmixerNew
                0x00000000700193e0                init_lpfilter
                0x0000000070019480                alFxNew
                0x00000000700198c0                alSynAllocFX
                0x0000000070019960                alMainBusParam
                0x0000000070019990                alMainBusPull
                0x0000000070019ab0                alLoadParam
                0x0000000070019c84                alRaw16Pull
                0x000000007001a030                ultra_7001A030
                0x000000007001a15c                alAdpcmPull
                0x000000007001a600                alResampleParam
                0x000000007001a6ec                alResamplePull
                0x000000007001a900                _ldexpf
                0x000000007001a928                _frexpf
                0x000000007001aa14                alEnvmixerParam
                0x000000007001aaf4                ultra_7001AAF4
                0x000000007001abb4                ultra_7001ABB4
                0x000000007001ae5c                alEnvmixerPull
                0x000000007001b4e0                ultra_7001B4E0
                0x000000007001b510                ultra_7001B510
                0x000000007001b5f0                alSaveParam
                0x000000007001b624                alSavePull
                0x000000007001b6b0                osJamMesg
                0x000000007001b800                osPiGetCmdQueue
                0x000000007001b830                ultra_7001B830
                0x000000007001b9a0                ultra_7001B9A0
                0x000000007001bb60                osDestroyThread
                0x000000007001bc60                __setInstChanState
                0x000000007001bcb4                __resetPerfChanState
                0x000000007001bd34                __initFromBank
                0x000000007001bdf0                __vsDelta
                0x000000007001be14                __vsVol
                0x000000007001be9c                __seqpReleaseVoice
                0x000000007001bfc8                __voiceNeedsNoteKill
                0x000000007001c070                __unmapVoice
                0x000000007001c0e0                __postNextSeqEvent
                0x000000007001c1bc                __handleMetaMsg
                0x000000007001c234                __vsPan
                0x000000007001c27c                __lookupVoice
                0x000000007001c2f0                __mapVoice
                0x000000007001c360                __lookupSoundQuick
                0x000000007001c45c                __handleMIDIMsg
                0x000000007001cc7c                __seqpVoiceHandler
                0x000000007001d2a0                __seqpStopOsc
                0x000000007001d300                unknown_libname_37
                0x000000007001d32c                unknown_libname_38
                0x000000007001d338                unknown_libname_39
                0x000000007001d35c                unknown_libname_40
                0x000000007001d38c                unknown_libname_41
                0x000000007001d3a0                unknown_libname_42
                0x000000007001d3a4                __initChanState
                0x000000007001d414                alSeqpNew
                0x000000007001d5a0                alSynStartVoiceParams
                0x000000007001d690                alCopy
                0x000000007001d710                __osPiCreateAccessQueue
                0x000000007001d760                __osPiGetAccess
                0x000000007001d7a4                __osPiRelAccess
                0x000000007001d7d0                _Litob
                0x000000007001da70                xldtob_sub0
                0x000000007001dfe0                _Ldtob
                0x000000007001e530                osEPiRawStartDma
                0x000000007001e610                __osDevMgrMain
                0x000000007001e9c0                __osSumcalc
                0x000000007001ea1c                __osIdCheckSum
                0x000000007001ea84                __osRepairPackId
                0x000000007001ee9c                __osCheckPackId
                0x000000007001f034                __osGetId
                0x000000007001f290                __osCheckId
                0x000000007001f38c                __osPfsRWInode
                0x000000007001f6ac                __osPfsSelectBank
                0x000000007001f720                __osSiDeviceBusy
                0x000000007001f750                guNormalize
                0x000000007001f7e0                sqrtf
                0x000000007001f7f0                osLeoDiskInit
                0x000000007001f8e0                __osSetCompare
                0x000000007001f8f0                alFilterNew
                0x000000007001f910                _doModFunc
                0x000000007001f9b8                _filterBuffer
                0x000000007001fa70                _saveBuffer
                0x000000007001fbf8                _loadBuffer
                0x000000007001fd84                _loadOutputBuffer
                0x000000007001ffa8                alFxParamHdl
                0x00000000700201c0                alFxParam
                0x00000000700201d8                alFxPull
                0x0000000070020520                alSeqGetLoc
                0x000000007002053c                alSeqSetLoc
                0x0000000070020558                alSeqGetTicks
                0x0000000070020568                readVarLen
                0x00000000700205b4                alSeqNextEvent
                0x0000000070020738                alSeqNewMarker
                0x0000000070020858                alSeqSecToTicks
                0x000000007002093c                alSeqTicksToSec
                0x0000000070020990                __alSeqNextDelta
                0x00000000700209e8                read32
                0x0000000070020a38                read16
                0x0000000070020a68                alSeqNew
                0x0000000070020b40                alSynSetPriority
                0x0000000070020b50                lldiv
                0x0000000070020c50                ldiv
                0x0000000070020ce0                __osResetGlobalIntMask
                0x0000000070020d40                osEPiRawWriteIo
                [0x0000000000be648a]                __romPos = (__romPos + SIZEOF (.text_code))
                [0x000000008008e360]                __ramPos = (__ramPos + SIZEOF (.text_code))

.c_data
 *(.c_data)
                [0x0000000000be648a]                __romPos = (__romPos + 0x11c00)

.text_rarezip   0x0000000070200000     0x15a0 load address 0x0000000000033590
 build/rarezip/rarezip.o(.text)
 .text          0x0000000070200000     0x1480 build/rarezip/rarezip.o
                0x0000000070200000                decompress_buildtable
                0x0000000070200654                decompress_inflate
                0x0000000070200a48                decompress_type0
                0x0000000070200b9c                decompress_type1
                0x0000000070200d04                decompress_type2
                0x0000000070201228                decompress_table
                0x0000000070201348                decompress_start
                0x000000007020141c                decompress_entry
 build/rarezip/rarezip.o(.data)
 .data          0x0000000070201480      0x120 build/rarezip/rarezip.o
                0x0000000070201480                rz_ptr_source
                0x0000000070201484                rz_ptr_target
                0x0000000070201488                rz_curoffset
                0x000000007020148c                rz_decompressed_count
                0x0000000070201490                rz_ptrbuffer
                0x0000000070201494                rz_order
                0x00000000702014a8                rz_lbase
                0x00000000702014e8                rz_lextra
                0x0000000070201508                rz_dbase
                0x0000000070201544                rz_dextra
                0x0000000070201564                rz_sample
                0x0000000070201568                rz_bitsinsample
                0x000000007020156c                rz_masks
                0x0000000070201590                rz_data1
                0x0000000070201594                rz_data2
                0x0000000070201598                rz_data3
                [0x0000000000be648a]                __romPos = (__romPos + SIZEOF (.text_rarezip))

.text_tlbcode   0x000000007f000000    0xe2d50 load address 0x0000000000034b30
 build/game/initgamedata.o(.text)
 .text          0x000000007f000000       0xe0 build/game/initgamedata.o
                0x000000007f000000                initGameData
 build/game/initweaponanigroups.o(.text)
 .text          0x000000007f0000e0       0x30 build/game/initweaponanigroups.o
                0x000000007f0000e0                init_weapon_animation_groups_maybe
 build/game/initactorpropstuff.o(.text)
 .text          0x000000007f000110      0x8c0 build/game/initactorpropstuff.o
                0x000000007f000110                reset_counter_rand_body_head
                0x000000007f0001f0                sub_GAME_7F0001F0
                0x000000007f000290                sub_GAME_7F000290
                0x000000007f00032c                sub_GAME_7F00032C
                0x000000007f00046c                sub_GAME_7F00046C
                0x000000007f0004d0                sub_GAME_7F0004D0
                0x000000007f000518                somethingwith_weapon_animation_groups
                0x000000007f000980                sub_GAME_7F000980
                0x000000007f0009a0                sub_GAME_7F0009A0
 build/game/initnull_0009D0.o(.text)
 .text          0x000000007f0009d0       0x10 build/game/initnull_0009D0.o
                0x000000007f0009d0                null_init_main_3
 build/game/initunk_0009E0.o(.text)
 .text          0x000000007f0009e0       0x20 build/game/initunk_0009E0.o
                0x000000007f0009e0                sub_GAME_7F0009E0
 build/game/initanitable.o(.text)
 .text          0x000000007f000a00      0x160 build/game/initanitable.o
                0x000000007f000a00                expand_ani_table_entries
                0x000000007f000aac                alloc_load_expand_ani_table
 build/game/initunk_000B60.o(.text)
 .text          0x000000007f000b60       0x20 build/game/initunk_000B60.o
                0x000000007f000b60                sub_GAME_7F000B60
 build/game/setguscale.o(.text)
 .text          0x000000007f000b80       0x40 build/game/setguscale.o
                0x000000007f000b80                set_gu_scale
 build/game/initnull_000BC0.o(.text)
 .text          0x000000007f000bc0       0x10 build/game/initnull_000BC0.o
                0x000000007f000bc0                null_init_main_2
 build/game/initimages.o(.text)
 .text          0x000000007f000bd0       0xa0 build/game/initimages.o
                0x000000007f000bd0                image_entries_load
 build/game/initintromatrices.o(.text)
 .text          0x000000007f000c70       0xb0 build/game/initintromatrices.o
                0x000000007f000c70                alloc_intro_matrices
 build/game/initmenus.o(.text)
 .text          0x000000007f000d20      0x120 build/game/initmenus.o
                0x000000007f000d20                init_menus_or_reset
 build/game/initguards.o(.text)
 .text          0x000000007f000e40      0x1e0 build/game/initguards.o
                0x000000007f000e40                init_guards
                0x000000007f000eb8                alloc_init_GUARDdata_entries
                0x000000007f000f50                set_new_rand_head_bodies
 build/game/deb_loadallmodels.o(.text)
 .text          0x000000007f001020      0x490 build/game/deb_loadallmodels.o
                0x000000007f001020                init_obj_register_difficulty_vals
                0x000000007f00105c                alloc_false_GUARDdata_to_exec_global_action
                0x000000007f001258                debug_object_load_all_models
                0x000000007f00140c                debug_weapon_load_table
 build/game/initobjects.o(.text)
 .text          0x000000007f0014b0      0x6a0 build/game/initobjects.o
                0x000000007f0014b0                init_sound_effects_registers
                0x000000007f0014e0                init_load_objpos_table
                0x000000007f0015d0                alloc_lookup_buffers
                0x000000007f001750                reinit_between_menus
                0x000000007f001910                sub_GAME_7F001910
                0x000000007f001928                sub_GAME_7F001928
                0x000000007f001940                sub_GAME_7F001940
                0x000000007f001958                write_monitor_ani_control_blocks
                0x000000007f001b08                initialize_80071E00_to_80071E78
 build/game/prop.o(.text)
 .text          0x000000007f001b50     0x3370 build/game/prop.o
                0x000000007f001b50                load_proptype
                0x000000007f001bd4                sub_GAME_7F001BD4
                0x000000007f001d9c                prepare_load_objects
                0x000000007f002738                expand_08_obj_set_guard_MP_weapons
                0x000000007f0029a8                MP_weapon_expansion_routine
                0x000000007f002a1c                jmp_prepare_load_objects
                0x000000007f002a3c                sub_GAME_7F002A3C
                0x000000007f002c58                expand_type_0D_object_autoturret
                0x000000007f002e1c                jmp_prepare_load_objects_0
                0x000000007f002e3c                sub_GAME_7F002E3C
                0x000000007f0030d0                sub_GAME_7F0030D0
                0x000000007f00324c                sub_GAME_7F00324C
                0x000000007f003480                sub_GAME_7F003480
                0x000000007f003bf0                stage_loading_setup_objparse_cleanupafter
 build/game/objective.o(.text)
 .text          0x000000007f004ec0      0x180 build/game/objective.o
                0x000000007f004ec0                something_with_stage_objectives
                0x000000007f004f88                set_parent_cur_tag_entry
                0x000000007f004fa0                setup_briefing_text_entry_parent
                0x000000007f004fb8                add_ptr_to_objective
                0x000000007f004ff4                set_parent_cur_obj_enter_room
                0x000000007f00500c                set_parent_cur_obj_deposited_in_room
                0x000000007f005024                set_parent_cur_obj_photograph
 build/game/ejectedcartridges.o(.text)
 .text          0x000000007f005040       0x90 build/game/ejectedcartridges.o
                0x000000007f005040                something_with_ejected_cartridges
 build/game/initBondDATA.o(.text)
 .text          0x000000007f0050d0      0x380 build/game/initBondDATA.o
                0x000000007f0050d0                init_player_BONDdata_stats
 build/game/initunk_005450.o(.text)
 .text          0x000000007f005450       0xd0 build/game/initunk_005450.o
                0x000000007f005450                sub_GAME_7F005450
 build/game/initunk_005520.o(.text)
 .text          0x000000007f005520      0x1f0 build/game/initunk_005520.o
                0x000000007f005520                zero_contents_of_80036070_74
                0x000000007f005534                set_contents_of_80036078
                0x000000007f005540                sub_GAME_7F005540
                0x000000007f005624                sub_GAME_7F005624
 build/game/initcameraandthrown.o(.text)
 .text          0x000000007f005710      0xae0 build/game/initcameraandthrown.o
                0x000000007f005710                set_weapon_model_generated_thrown_object
                0x000000007f0057c4                load_camera_intro_type_values
 build/game/inititemslots.o(.text)
 .text          0x000000007f0061f0       0xd0 build/game/inititemslots.o
                0x000000007f0061f0                sub_GAME_7F0061F0
                0x000000007f00625c                alloc_additional_item_slots
 build/game/initBondDATAdefaults.o(.text)
 .text          0x000000007f0062c0      0x500 build/game/initBondDATAdefaults.o
                0x000000007f0062c0                sub_GAME_7F0062C0
                0x000000007f00638c                sets_a_bunch_of_BONDdata_values_to_default
 build/game/initpathtablesomething.o(.text)
 .text          0x000000007f0067c0       0xd0 build/game/initpathtablesomething.o
                0x000000007f0067c0                init_pathtable_something
 build/game/initpathtablelinks.o(.text)
 .text          0x000000007f006890      0x500 build/game/initpathtablelinks.o
                0x000000007f006890                init_path_table_links
 build/game/initexplosioncasing.o(.text)
 .text          0x000000007f006d90      0x3f0 build/game/initexplosioncasing.o
                0x000000007f006d90                alloc_explosion_smoke_casing_scorch_impact_buffers
 build/game/initunk_007180.o(.text)
 .text          0x000000007f007180      0x110 build/game/initunk_007180.o
                0x000000007f007180                sub_GAME_7F007180
 build/game/initunk_007290.o(.text)
 .text          0x000000007f007290       0x20 build/game/initunk_007290.o
                0x000000007f007290                sub_GAME_7F007290
 build/game/initunk_0072B0.o(.text)
 .text          0x000000007f0072b0       0x70 build/game/initunk_0072B0.o
                0x000000007f0072b0                sub_GAME_7F0072B0
                0x000000007f0072f8                disable_onscreen_cheat_text
 build/game/initmttex.o(.text)
 .text          0x000000007f007320       0x90 build/game/initmttex.o
                0x000000007f007320                set_mt_tex_alloc
 build/game/initunk_0073B0.o(.text)
 .text          0x000000007f0073b0       0xb0 build/game/initunk_0073B0.o
                0x000000007f0073b0                cleanupGuardData
 build/game/initunk_007460.o(.text)
 .text          0x000000007f007460       0x70 build/game/initunk_007460.o
                0x000000007f007460                cleanupObjectSounds
 build/game/cleanup_alarms.o(.text)
 .text          0x000000007f0074d0       0x30 build/game/cleanup_alarms.o
                0x000000007f0074d0                cleanupAlarms
 build/game/cleanup_objects.o(.text)
 .text          0x000000007f007500       0x90 build/game/cleanup_objects.o
                0x000000007f007500                cleanupObjects
 build/game/cleanup_objectives.o(.text)
 .text          0x000000007f007590      0x170 build/game/cleanup_objectives.o
                0x000000007f007590                cleanupObjectives
 build/game/cleanupSFXRelated.o(.text)
 .text          0x000000007f007700       0x70 build/game/cleanupSFXRelated.o
                0x000000007f007700                cleanupSFXRelated
 build/game/playerstats_007770.o(.text)
 .text          0x000000007f007770       0x90 build/game/playerstats_007770.o
                0x000000007f007770                sub_GAME_7F007770
 build/game/unk_007800.o(.text)
 .text          0x000000007f007800      0x120 build/game/unk_007800.o
                0x000000007f007800                cleanupExplosions
 build/game/unk_007920.o(.text)
 .text          0x000000007f007920       0x50 build/game/unk_007920.o
                0x000000007f007920                sub_GAME_7F007920
 build/game/null_007970.o(.text)
 .text          0x000000007f007970       0x10 build/game/null_007970.o
                0x000000007f007970                cleanup_REMOVED_
 build/game/unk_007980.o(.text)
 .text          0x000000007f007980       0xc0 build/game/unk_007980.o
                0x000000007f007980                cleanupplayersoundrelated
 build/game/intro_logos.o(.text)
 .text          0x000000007f007a40     0x1d20 build/game/intro_logos.o
                0x000000007f007a40                something_with_gunbarrel_and_rareware_logo_matrix_manip
                0x000000007f007b94                insert_sight_backdrop_eye_intro
                0x000000007f007cc8                sub_GAME_7F007CC8
                0x000000007f007d8c                insert_sniper_sight_eye_intro
                0x000000007f007e70                sub_GAME_7F007E70
                0x000000007f007f30                sub_GAME_7F007F30
                0x000000007f0082c8                insert_bond_eye_intro
                0x000000007f0084c0                load_display_rare_logo
                0x000000007f008b58                sub_GAME_7F008B58
                0x000000007f008bdc                retrieve_display_rareware_logo
                0x000000007f008dd0                sub_GAME_7F008DD0
                0x000000007f008de4                sub_GAME_7F008DE4
                0x000000007f008e80                sub_GAME_7F008E80
                0x000000007f00920c                sub_GAME_7F00920C
                0x000000007f009254                sub_GAME_7F009254
                0x000000007f009744                sub_GAME_7F009744
 build/game/mainmenu.o(.text)
 .text          0x000000007f009760    0x11980 build/game/mainmenu.o
                0x000000007f009760                write_text_at_abs_coord
                0x000000007f009848                check_if_cheat_available
                0x000000007f009b50                getplayerfavoredweapon
                0x000000007f009b84                menu_control_stick_tracking
                0x000000007f009f08                load_draw_selected_icon_folder_select
                0x000000007f00a080                add_tab1_start
                0x000000007f00a1e4                isontab1
                0x000000007f00a238                add_tab3_previous
                0x000000007f00a39c                isontab3
                0x000000007f00a3f0                set_cursor_pos_tab2
                0x000000007f00a414                add_tab2_next
                0x000000007f00a578                isontab2
                0x000000007f00a5e8                init_menu00_legalscreen
                0x000000007f00a6b0                update_menu00_legalscreen
                0x000000007f00a6dc                interface_menu00_legalscreen
                0x000000007f00a7e4                display_aligned_white_text_to_screen
                0x000000007f00a8e0                constructor_menu00_legalscreen
                0x000000007f00aaec                reset_menutimer
                0x000000007f00aaf8                dummy7F00AAF8
                0x000000007f00ab00                interface_menu17_switchscreens
                0x000000007f00aba8                constructor_menu17_switchscreens
                0x000000007f00abc8                init_menu01_nintendo
                0x000000007f00aca4                update_menu01_nintendo
                0x000000007f00acc8                interface_menu01_nintendo
                0x000000007f00ad98                constructor_menu01_nintendo
                0x000000007f00b064                init_menu02_rarelogo
                0x000000007f00b0a4                update_menu02_rareware
                0x000000007f00b0ac                interface_menu02_rareware
                0x000000007f00b134                constructor_menu02_rareware
                0x000000007f00b154                init_menu03_eyeintro
                0x000000007f00b190                update_menu_03_eye
                0x000000007f00b1b0                interface_menu03_eye
                0x000000007f00b238                constructor_menu03_eye
                0x000000007f00b258                init_menu04_goldeneyelogo
                0x000000007f00b304                update_menu04_goldeneye
                0x000000007f00b330                interface_menu04_goldeneyelogo
                0x000000007f00b47c                constructor_menu04_goldeneyelogo
                0x000000007f00b724                disable_all_switches
                0x000000007f00b7c0                set_item_visibility_in_objinstance
                0x000000007f00b808                select_load_bond_picture
                0x000000007f00b8ac                load_walletbond
                0x000000007f00b990                sub_GAME_7F00B990
                0x000000007f00b9e8                init_menu05_fileselect
                0x000000007f00bae0                update_menu05_filesel
                0x000000007f00bb1c                get_chapter_briefing_entry
                0x000000007f00bb68                toggle_deletion_menu_for_folder
                0x000000007f00bbcc                interface_menu05_fileselect
                0x000000007f00c384                get_ptr_difficulty_name
                0x000000007f00c408                constructor_menu05_fileselect
                0x000000007f00d250                init_menu06_modeselect
                0x000000007f00d290                update_menu06_modesel
                0x000000007f00d298                interface_menu06_modesel
                0x000000007f00d5e8                sub_GAME_7F00D5E8
                0x000000007f00d7fc                set_menu_cursor_pos_to_setting
                0x000000007f00d828                constructor_menu06_modesel
                0x000000007f00dcc0                pull_and_display_text_for_folder_a0
                0x000000007f00dd0c                check_if_stage_completed_on_difficulty
                0x000000007f00dd60                get_highest_unlocked_difficulty_for_level
                0x000000007f00de50                init_menu07_missionselect
                0x000000007f00deb0                update_menu07_missionsel
                0x000000007f00deb8                interface_menu07_missionsel
                0x000000007f00e3e0                set_cursor_to_stage_solo
                0x000000007f00e458                constructor_menu07_missionsel
                0x000000007f00e780                init_menu08_difficultyselect
                0x000000007f00e7b8                update_menu08_difficulty
                0x000000007f00e7c0                interface_menu08_difficulty
                0x000000007f00eabc                print_current_solo_briefing_stage_name
                0x000000007f00ed64                set_cursor_pos_difficulty
                0x000000007f00ed98                constructor_menu08_difficulty
                0x000000007f00f300                init_menu09_007difficultyselect
                0x000000007f00f36c                update_menu09_007options
                0x000000007f00f374                interface_menu09_007options
                0x000000007f00f798                constructor_menu09_007options
                0x000000007f0100bc                get_player_control_style
                0x000000007f0100d0                check_if_mp_stage_unlocked
                0x000000007f010170                select_game_length
                0x000000007f0101d8                copy_aim_settings_to_playerdata
                0x000000007f01023c                advance_aim_settings_selection
                0x000000007f010280                unlock_all_mp_chars
                0x000000007f010290                get_selected_num_players
                0x000000007f0102bc                get_player_mp_char_head
                0x000000007f01030c                get_player_mp_char_gender
                0x000000007f01035c                get_player_mp_char_body
                0x000000007f0103ac                get_player_mp_handicap
                0x000000007f0103d0                get_player_mp_char_height
                0x000000007f010420                get_mp_timelimit
                0x000000007f010444                get_mp_pointlimit
                0x000000007f010468                reset_mp_options_for_scenario
                0x000000007f010608                init_mp_options_for_scenario
                0x000000007f01073c                init_menu0E_mpoptions
                0x000000007f010840                update_menu0E_mpoptions
                0x000000007f010848                interface_menu0E_mpoptions
                0x000000007f010f10                constructor_menu0E_mpoptions
                0x000000007f011bd8                get_players_who_have_selected_mp_char
                0x000000007f011c3c                init_menu0f_mpcharsel
                0x000000007f011ecc                update_menu0F_mpcharsel
                0x000000007f011ed4                interface_menu0F_mpcharsel
                0x000000007f0122a8                sub_GAME_7F0122A8
                0x000000007f01231c                sub_GAME_7F01231C
                0x000000007f012794                constructor_menu0F_mpcharsel
                0x000000007f012e30                init_menu10_mphandicap
                0x000000007f012ebc                update_menu10_mphandicap
                0x000000007f012ec4                interface_menu10_mphandicap
                0x000000007f01317c                constructor_menu10_mphandicap
                0x000000007f013574                init_menu11_mpcontrol
                0x000000007f013600                update_menu11_mpcontrols
                0x000000007f013608                interface_menu11_mpcontrols
                0x000000007f013980                constructor_menu11_mpcontrol
                0x000000007f013d78                init_menu12_mpstage
                0x000000007f013dcc                update_menu12_mpstage
                0x000000007f013dd4                interface_menu12_mpstage
                0x000000007f014050                constructor_menu12_mpstage
                0x000000007f014758                get_scenario
                0x000000007f014764                init_menu13_mpscenariosel
                0x000000007f0147b0                update_menu13_mpscenario
                0x000000007f0147b8                interface_menu13_mpscenario
                0x000000007f014a48                constructor_menu13_mpscenario
                0x000000007f014c88                get_players_team_or_scenario_item_flag
                0x000000007f014ca4                set_players_team_or_scenario_item_flag
                0x000000007f014cc0                init_menu14_mpteamsel
                0x000000007f014d40                update_menu14_mpteams
                0x000000007f014d48                interface_menu14_mpteams
                0x000000007f015138                constructor_menu14_mpteams
                0x000000007f015510                set_briefing_page
                0x000000007f015520                load_briefing_text_for_stage
                0x000000007f0155f4                init_menu0A_briefing
                0x000000007f015640                update_menu0A_briefing
                0x000000007f01569c                interface_menu0A_briefing
                0x000000007f015a08                print_objectives_and_status_to_menu
                0x000000007f015d74                constructor_menu0A_briefing
                0x000000007f016064                init_menu0B_runstage
                0x000000007f016094                init_menu0C_missionfailed
                0x000000007f016108                update_menu0C_missionfailed
                0x000000007f016110                interface_menu0C_missionfailed
                0x000000007f01631c                sub_GAME_7F01631C
                0x000000007f0163ec                constructor_menu0C_missionfailed
                0x000000007f01667c                init_menu0D_missioncomplete
                0x000000007f0166d0                update_menu0D_missioncomplete
                0x000000007f0166d8                interface_menu0D_missioncomplete
                0x000000007f016a08                constructor_menu0D_missioncomplete
                0x000000007f017b50                init_menu15_cheat
                0x000000007f017bf4                update_menu15_cheat
                0x000000007f017c88                interface_menu15_cheat
                0x000000007f017f5c                constructor_menu15_cheat
                0x000000007f018438                init_menu16_nocontroller
                0x000000007f018440                update_menu16_nocontrollers
                0x000000007f018448                interface_menu16_nocontrollers
                0x000000007f018450                constructor_menu16_nocontrollers
                0x000000007f018670                do_extended_cast_display
                0x000000007f01869c                init_menu18_displaycast
                0x000000007f018f18                update_menu18_displaycast
                0x000000007f018f60                interface_menu18_displaycast
                0x000000007f019328                constructor_menu18_displaycast
                0x000000007f01a39c                init_menu19_spectrum
                0x000000007f01a480                update_menu19_spectrum
                0x000000007f01a488                interface_menu19_spectrum
                0x000000007f01a4e0                constructor_menu19_spectrum
                0x000000007f01a5d4                set_menu_to_mode
                0x000000007f01a610                get_currentmenu
                0x000000007f01a61c                menu_init
                0x000000007f01aefc                menu_jump_constructor_handler
                0x000000007f01af34                menu00_legal_constructor
                0x000000007f01af44                menu17_switchscreens_constructor
                0x000000007f01af54                menu01_nintendo_constructor
                0x000000007f01af64                menu02_rareware_constructor
                0x000000007f01af74                menu03_eyeintro_constructor
                0x000000007f01af84                menu04_goldeneye_constructor
                0x000000007f01af94                menu05_fileselect_constructor
                0x000000007f01afa4                menu06_modesel_constructor
                0x000000007f01afb4                menu07_missionsel_constructor
                0x000000007f01afc4                menu08_difficulty_constructor
                0x000000007f01afd4                menu09_007options_constructor
                0x000000007f01afe4                menu0A_briefing_constructor
                0x000000007f01aff4                menu0C_missionfailed_constructor
                0x000000007f01b004                menu0D_missioncomplete_constructor
                0x000000007f01b014                menu0E_mpoptions_constructor
                0x000000007f01b024                menu13_mpscenario_constructor
                0x000000007f01b034                menu0F_mpcharsel_constructor
                0x000000007f01b044                menu14_mpteams_constructor
                0x000000007f01b054                menu10_mphandicap_constructor
                0x000000007f01b064                menu11_mpcontrol_constructor
                0x000000007f01b074                menu12_mpstage_constructor
                0x000000007f01b084                menu15_cheat_constructor
                0x000000007f01b094                menu16_nocontrollers_constructor
                0x000000007f01b0a4                menu18_displaycast_constructor
                0x000000007f01b0b4                menu19_spectrum_constructor
                0x000000007f01b0c0                menu0B_runstage_constructor
 build/game/unk_01B0E0.o(.text)
 .text          0x000000007f01b0e0      0x160 build/game/unk_01B0E0.o
                0x000000007f01b0e0                sub_GAME_7F01B0E0
                0x000000007f01b134                sub_GAME_7F01B134
                0x000000007f01b1c8                sub_GAME_7F01B1C8
 build/game/unk_01B240.o(.text)
 .text          0x000000007f01b240      0x8a0 build/game/unk_01B240.o
                0x000000007f01b240                sub_GAME_7F01B240
                0x000000007f01b6e0                sub_GAME_7F01B6E0
 build/game/unk_01BAE0.o(.text)
 .text          0x000000007f01bae0      0x5f0 build/game/unk_01BAE0.o
                0x000000007f01bae0                sub_GAME_7F01BAE0